// Jest Snapshot v1, https://goo.gl/fbAQLP

exports[`Reserve snapshot 1`] = `
<div>
   No room is set to reserve
</div>
`;
