// Jest Snapshot v1, https://goo.gl/fbAQLP

exports[`Rooms show render the same 1`] = `
Array [
  <section>
    <h1>
      We have the luxuries
    </h1>
    <h4>
      Please select your match
    </h4>
    <div
      className="rooms-container"
    />
  </section>,
  ";",
]
`;
